node.exe : npm warn 
config production Use 
`--omit=dev` instead.
No linha:1 caractere:1
+ & "C:\Program Files\
nodejs/node.exe" 
"C:\Program 
Files\nodejs/node_mo 
...
+ ~~~~~~~~~~~~~~~~~~~~
~~~~~~~~~~~~~~~~~~~~~~
~~~~~~~~~~~~~~~~~~~~~~
~~~~~
    + CategoryInfo    
          : NotSpeci  
  fied: (npm warn c   
 onfig...t=dev` in    
stead.:String) []    
, RemoteException
    + FullyQualifiedE 
   rrorId : NativeCo  
  mmandError
 
FAIL test/whatsapp.e2e
-spec.ts
  ÔùÅ Test suite 
failed to run

    [96mtest/whatsapp
.e2e-spec.ts[0m:[93m
9[0m:[93m1[0m - 
[91merror[0m[90m 
TS2593: [0mCannot 
find name 'describe'. 
Do you need to 
install type 
definitions for a 
test runner? Try `npm 
i --save-dev 
@types/jest` or `npm 
i --save-dev 
@types/mocha` and 
then add 'jest' or 
'mocha' to the types 
field in your 
tsconfig.

    [7m9[0m 
describe('WhatsApp 
Link Flow (e2e)', () 
=> {
    [7m [0m 
[91m~~~~~~~~[0m
    [96mtest/whatsapp
.e2e-spec.ts[0m:[93m
17[0m:[93m5[0m - 
[91merror[0m[90m 
TS2304: [0mCannot 
find name 'beforeAll'.

    [7m17[0m     
beforeAll(async () => 
{
    [7m  [0m [91m  
  ~~~~~~~~~[0m
    [96mtest/whatsapp
.e2e-spec.ts[0m:[93m
23[0m:[93m31[0m - 
[91merror[0m[90m 
TS7006: [0mParameter 
'context' implicitly 
has an 'any' type.

    [7m23[0m        
         canActivate: 
(context) => {
    [7m  [0m [91m  
                      
      ~~~~~~~[0m
    [96mtest/whatsapp
.e2e-spec.ts[0m:[93m
51[0m:[93m5[0m - 
[91merror[0m[90m 
TS2304: [0mCannot 
find name 'afterAll'.

    [7m51[0m     
afterAll(async () => {
    [7m  [0m [91m  
  ~~~~~~~~[0m
    [96mtest/whatsapp
.e2e-spec.ts[0m:[93m
58[0m:[93m5[0m - 
[91merror[0m[90m 
TS2593: [0mCannot 
find name 'it'. Do 
you need to install 
type definitions for 
a test runner? Try 
`npm i --save-dev 
@types/jest` or `npm 
i --save-dev 
@types/mocha` and 
then add 'jest' or 
'mocha' to the types 
field in your 
tsconfig.

    [7m58[0m     
it('should create 
application and 
return 
whatsapp_link', async 
() => {
    [7m  [0m [91m  
  ~~[0m
    [96mtest/whatsapp
.e2e-spec.ts[0m:[93m
69[0m:[93m9[0m - 
[91merror[0m[90m 
TS2304: [0mCannot 
find name 'expect'.

    [7m69[0m        
 expect(response.body)
.toHaveProperty('id');
    [7m  [0m [91m  
      ~~~~~~[0m
    [96mtest/whatsapp
.e2e-spec.ts[0m:[93m
70[0m:[93m9[0m - 
[91merror[0m[90m 
TS2304: [0mCannot 
find name 'expect'.

    [7m70[0m        
 expect(response.body)
.toHaveProperty('whats
app_link');
    [7m  [0m [91m  
      ~~~~~~[0m
    [96mtest/whatsapp
.e2e-spec.ts[0m:[93m
71[0m:[93m9[0m - 
[91merror[0m[90m 
TS2304: [0mCannot 
find name 'expect'.

    [7m71[0m        
 expect(response.body.
whatsapp_link).toConta
in('wa.me');
    [7m  [0m [91m  
      ~~~~~~[0m
    [96mtest/whatsapp
.e2e-spec.ts[0m:[93m
73[0m:[93m9[0m - 
[91merror[0m[90m 
TS2304: [0mCannot 
find name 'expect'.

    [7m73[0m        
 expect(response.body.
whatsapp_link).toConta
in('5511999998888');
    [7m  [0m [91m  
      ~~~~~~[0m
    [96mtest/whatsapp
.e2e-spec.ts[0m:[93m
77[0m:[93m9[0m - 
[91merror[0m[90m 
TS2304: [0mCannot 
find name 'expect'.

    [7m77[0m        
 expect(response.body.
whatsapp_link).toConta
in('Ol%C3%A1');
    [7m  [0m [91m  
      ~~~~~~[0m
    [96mtest/whatsapp
.e2e-spec.ts[0m:[93m
87[0m:[93m9[0m - 
[91merror[0m[90m 
TS2304: [0mCannot 
find name 'expect'.

    [7m87[0m        
 expect(refreshRespons
e.body).toHaveProperty
('whatsapp_link');
    [7m  [0m [91m  
      ~~~~~~[0m
    [96mtest/whatsapp
.e2e-spec.ts[0m:[93m
88[0m:[93m9[0m - 
[91merror[0m[90m 
TS2304: [0mCannot 
find name 'expect'.

    [7m88[0m        
 expect(refreshRespons
e.body.whatsapp_link).
toContain('wa.me');
    [7m  [0m [91m  
      ~~~~~~[0m

Test Suites: 1 
failed, 1 total
Tests:       0 total
Snapshots:   0 total
Time:        2.941 s
Ran all test suites 
matching test/whatsapp
.e2e-spec.ts.
